// Jest Snapshot v1, https://goo.gl/fbAQLP

exports[`matches the snapshot 1`] = `
<DocumentFragment>
  <div
    class="PantryForm justify-content-center row"
  >
    <div
      class="col-md-8 col-sm-10"
    >
      <div
        class="card"
      >
        <h4
          class="card-header"
        />
        <div
          class="card-body"
        >
          <form
            class=""
          >
            <button
              class="mr-2 btn btn-primary"
              type="submit"
            />
          </form>
        </div>
      </div>
    </div>
  </div>
</DocumentFragment>
`;
